// Jest Snapshot v1, https://goo.gl/fbAQLP

exports[`Test for <Header /> Component matches snapshot 1`] = `
<styles__HeaderContainer
  darkmode=""
>
  <Logo />
  <SearchInput />
  <Favorite />
  <DarkMode />
</styles__HeaderContainer>
`;
