// Jest Snapshot v1, https://goo.gl/fbAQLP

exports[`Test for <Charactermodal /> Component matches snapshot 1`] = `
<Modal
  isOpen={false}
  toggle={[Function]}
>
  <CharacterComicsInfo
    data={
      Object {
        "data": Object {},
      }
    }
    toggle={[Function]}
  />
</Modal>
`;
