// Jest Snapshot v1, https://goo.gl/fbAQLP

exports[`Test for <Character /> Component matches snapshot 1`] = `
<styles__Container>
  <SearchResults />
</styles__Container>
`;
