// Jest Snapshot v1, https://goo.gl/fbAQLP

exports[`Test for <SearchResults /> Component matches snapshot 1`] = `
<Fragment>
  <CharacterModal
    isOpen={false}
    toggle={[Function]}
  />
</Fragment>
`;
